[2026-05-30T04:59:44.342Z] GET https://ethanyin89.github.io/feline-metabolic-public-test/protocol-generator.html → pending (?ms, ?B)
[2026-05-30T04:59:45.229Z] GET https://ethanyin89.github.io/feline-metabolic-public-test/expert-config-extended.js → 200 (310ms, 7287B)
[2026-05-30T04:59:45.545Z] GET http://localhost:3456/health → pending (?ms, ?B)
[2026-05-30T04:59:55.549Z] GET http://localhost:3456/health → pending (?ms, ?B)
[2026-05-30T05:00:05.544Z] GET http://localhost:3456/health → pending (?ms, ?B)
[2026-05-30T05:00:10.301Z] POST http://localhost:3456/api/generate/request → pending (?ms, ?B)
[2026-05-30T05:00:15.544Z] GET http://localhost:3456/health → pending (?ms, ?B)
[2026-05-30T05:00:25.544Z] GET http://localhost:3456/health → pending (?ms, ?B)
[2026-05-30T05:00:35.543Z] GET http://localhost:3456/health → pending (?ms, ?B)
[2026-05-30T05:00:45.543Z] GET http://localhost:3456/health → pending (?ms, ?B)
[2026-05-30T05:00:55.543Z] GET http://localhost:3456/health → pending (?ms, ?B)
[2026-05-30T05:01:05.547Z] GET http://localhost:3456/health → pending (?ms, ?B)
[2026-05-30T05:01:15.542Z] GET http://localhost:3456/health → pending (?ms, ?B)
[2026-05-30T05:01:25.546Z] GET http://localhost:3456/health → pending (?ms, ?B)
[2026-05-30T05:01:35.543Z] GET http://localhost:3456/health → pending (?ms, ?B)
[2026-05-30T05:01:45.543Z] GET http://localhost:3456/health → pending (?ms, ?B)
[2026-05-30T05:01:55.542Z] GET http://localhost:3456/health → pending (?ms, ?B)
[2026-05-30T05:02:05.542Z] GET http://localhost:3456/health → pending (?ms, ?B)
[2026-05-30T05:02:15.542Z] GET http://localhost:3456/health → pending (?ms, ?B)
[2026-05-30T05:02:25.542Z] GET http://localhost:3456/health → pending (?ms, ?B)
[2026-05-30T05:02:35.542Z] GET http://localhost:3456/health → pending (?ms, ?B)
[2026-05-30T05:02:45.542Z] GET http://localhost:3456/health → pending (?ms, ?B)
[2026-05-30T05:02:55.541Z] GET http://localhost:3456/health → pending (?ms, ?B)
[2026-05-30T05:03:05.543Z] GET http://localhost:3456/health → pending (?ms, ?B)
[2026-05-30T05:03:15.541Z] GET http://localhost:3456/health → pending (?ms, ?B)
[2026-05-30T05:03:25.541Z] GET http://localhost:3456/health → pending (?ms, ?B)
[2026-05-30T05:03:35.550Z] GET http://localhost:3456/health → pending (?ms, ?B)
[2026-05-30T05:03:45.541Z] GET http://localhost:3456/health → pending (?ms, ?B)
[2026-05-30T05:03:55.546Z] GET http://localhost:3456/health → pending (?ms, ?B)
[2026-05-30T05:04:05.551Z] GET http://localhost:3456/health → pending (?ms, ?B)
[2026-05-30T05:04:08.346Z] GET https://ethanyin89.github.io/feline-metabolic-public-test/protocol-generator.html → 200 (296ms, 35119B)
[2026-05-30T05:04:08.652Z] GET https://ethanyin89.github.io/feline-metabolic-public-test/expert-config-extended.js → 200 (?ms, 7287B)
[2026-05-30T05:04:08.665Z] GET http://localhost:3456/health → pending (?ms, ?B)
[2026-05-30T05:04:18.656Z] GET http://localhost:3456/health → pending (?ms, ?B)
[2026-05-30T05:04:28.654Z] GET http://localhost:3456/health → pending (?ms, ?B)
[2026-05-30T05:04:38.655Z] GET http://localhost:3456/health → pending (?ms, ?B)
[2026-05-30T05:04:48.658Z] GET http://localhost:3456/health → pending (?ms, ?B)
[2026-05-30T05:04:55.988Z] POST http://localhost:3456/api/generate/request → pending (?ms, ?B)
[2026-05-30T05:04:58.653Z] GET http://localhost:3456/health → pending (?ms, ?B)
[2026-05-30T05:05:08.652Z] GET http://localhost:3456/health → pending (?ms, ?B)
[2026-05-30T05:05:18.653Z] GET http://localhost:3456/health → pending (?ms, ?B)
[2026-05-30T05:05:25.864Z] GET https://ethanyin89.github.io/feline-metabolic-public-test/intake-parser.html → pending (?ms, ?B)
[2026-05-30T05:05:26.262Z] GET https://cdn.tailwindcss.com/ → 302 (658ms, ?B)
[2026-05-30T05:05:26.262Z] GET https://ethanyin89.github.io/feline-metabolic-public-test/decision-log.js → 200 (324ms, 5244B)
[2026-05-30T05:05:26.262Z] GET https://ethanyin89.github.io/feline-metabolic-public-test/generation-chain.js → 200 (319ms, 25383B)
[2026-05-30T05:05:26.920Z] GET https://cdn.tailwindcss.com/3.4.17 → pending (?ms, ?B)
[2026-05-30T05:06:39.945Z] GET https://ethanyin89.github.io/feline-metabolic-public-test/protocol-generator.html?handoff=intake-parser → pending (?ms, ?B)
[2026-05-30T05:06:40.299Z] GET https://ethanyin89.github.io/feline-metabolic-public-test/expert-config-extended.js → 200 (1ms, 7287B)
[2026-05-30T05:06:40.375Z] GET http://localhost:3456/health → pending (?ms, ?B)
[2026-05-30T05:06:50.301Z] GET http://localhost:3456/health → pending (?ms, ?B)
[2026-05-30T05:07:00.300Z] GET http://localhost:3456/health → pending (?ms, ?B)
[2026-05-30T05:07:10.304Z] GET http://localhost:3456/health → pending (?ms, ?B)
[2026-05-30T05:07:20.300Z] GET http://localhost:3456/health → pending (?ms, ?B)
[2026-05-30T05:07:30.299Z] GET http://localhost:3456/health → pending (?ms, ?B)
[2026-05-30T05:07:40.300Z] GET http://localhost:3456/health → pending (?ms, ?B)
[2026-05-30T05:07:50.300Z] GET http://localhost:3456/health → pending (?ms, ?B)
[2026-05-30T05:08:00.299Z] GET http://localhost:3456/health → pending (?ms, ?B)
[2026-05-30T05:08:10.299Z] GET http://localhost:3456/health → pending (?ms, ?B)
[2026-05-30T05:08:20.298Z] GET http://localhost:3456/health → pending (?ms, ?B)
[2026-05-30T05:08:30.298Z] GET http://localhost:3456/health → pending (?ms, ?B)
[2026-05-30T05:08:40.298Z] GET http://localhost:3456/health → pending (?ms, ?B)
[2026-05-30T05:08:50.297Z] GET http://localhost:3456/health → pending (?ms, ?B)
[2026-05-30T05:09:00.298Z] GET http://localhost:3456/health → pending (?ms, ?B)
[2026-05-30T05:09:10.299Z] GET http://localhost:3456/health → pending (?ms, ?B)
[2026-05-30T05:09:20.297Z] GET http://localhost:3456/health → pending (?ms, ?B)
[2026-05-30T05:09:30.297Z] GET http://localhost:3456/health → pending (?ms, ?B)
[2026-05-30T05:09:40.297Z] GET http://localhost:3456/health → pending (?ms, ?B)
[2026-05-30T05:09:41.937Z] GET https://ethanyin89.github.io/feline-metabolic-public-test/protocol-generator.html → 200 (2ms, 35119B)
[2026-05-30T05:09:41.947Z] GET https://ethanyin89.github.io/feline-metabolic-public-test/expert-config-extended.js → 200 (?ms, 7287B)
[2026-05-30T05:09:41.950Z] GET http://localhost:3456/health → pending (?ms, ?B)
[2026-05-30T05:09:51.950Z] GET http://localhost:3456/health → pending (?ms, ?B)
[2026-05-30T05:10:01.950Z] GET http://localhost:3456/health → pending (?ms, ?B)
[2026-05-30T05:10:11.950Z] GET http://localhost:3456/health → pending (?ms, ?B)
[2026-05-30T05:10:21.950Z] GET http://localhost:3456/health → pending (?ms, ?B)
[2026-05-30T05:10:31.949Z] GET http://localhost:3456/health → pending (?ms, ?B)
[2026-05-30T05:10:41.951Z] GET http://localhost:3456/health → pending (?ms, ?B)
[2026-05-30T05:10:51.953Z] GET http://localhost:3456/health → pending (?ms, ?B)
[2026-05-30T05:10:57.960Z] GET https://ethanyin89.github.io/feline-metabolic-public-test/protocol-generator.html → 200 (311ms, 35229B)
[2026-05-30T05:10:58.276Z] GET https://ethanyin89.github.io/feline-metabolic-public-test/expert-config-extended.js → pending (?ms, ?B)
[2026-05-30T05:10:58.596Z] GET http://localhost:3456/health → pending (?ms, ?B)
[2026-05-30T05:17:00.652Z] GET https://ethanyin89.github.io/feline-metabolic-public-test/protocol-generator.html → 200 (2ms, 35229B)
[2026-05-30T05:17:00.662Z] GET https://ethanyin89.github.io/feline-metabolic-public-test/expert-config-extended.js → 200 (?ms, 7287B)
[2026-05-30T05:17:00.664Z] GET http://localhost:3456/health → pending (?ms, ?B)
